python : Traceback (most 
recent call last):
At line:1 char:35
+ ... anagement System"; 
python test_rbac.py > 
test_output.txt 2>&1; type t 
...
+                        ~~~~~
~~~~~~~~~~~~~~~~~~~~~~~~~~~~~~
~~~~~~~
    + CategoryInfo          : 
    NotSpecified: (Traceback  
   (most recent call last):   
 :String) [], RemoteExcept    
ion
    + FullyQualifiedErrorId : 
    NativeCommandError
 
  File "C:\Thesis Management 
System\test_rbac.py", line 
453, in <module>
    run_rbac_tests()
    ~~~~~~~~~~~~~~^^
  File "C:\Thesis Management 
System\test_rbac.py", line 
398, in run_rbac_tests
    print("\U0001f512 Running 
RBAC Tests...")
    ~~~~~^^^^^^^^^^^^^^^^^^^^^
^^^^^^^
  File "C:\Users\JADE ANINON\A
ppData\Local\Programs\Python\P
ython313\Lib\encodings\cp1252.
py", line 19, in encode
    return codecs.charmap_enco
de(input,self.errors,encoding_
table)[0]
           ~~~~~~~~~~~~~~~~~~~
~~^^^^^^^^^^^^^^^^^^^^^^^^^^^^
^^^^^^
UnicodeEncodeError: 'charmap' 
codec can't encode character 
'\U0001f512' in position 0: 
character maps to <undefined>
